1     	 0000					.public _bufferL
2     	 0000					.public _bufferR
3     	 0000					.extern _sampleBuffer
4     	 0000					.extern _gst_audio_invert_transform
5     	 0000					.public _processing
6     							.xdata_ovly
6      >> start of macro: .xdata_ovly
1+    									seg_single , "X_OVLY", X
1+     >> start of macro: seg_single
1+    						  .if ( "" != "" ) & defined( ___SegStart_X_ )
2+    						    segment
3+    						  .else
4+    						    segment "X_OVLY"
5+    							.if "" != ""
6+    						___SegStart_X_
7+    							.endif
8+    						  .endif
9+    							#RememberSegmentType
10+    >> end of macro: seg_single
2+     >> end of macro: .xdata_ovly
7     	 0000				__extractedConst_0_4
8     	 0000					.dw  (0x4026e547)
	 0000	 4026E547	 
9     							.xdata_ovly
9      >> start of macro: .xdata_ovly
1+    									seg_single , "X_OVLY", X
1+     >> start of macro: seg_single
1+    						  .if ( "" != "" ) & defined( ___SegStart_X_ )
2+    						    segment
3+    						  .else
4+    						    segment "X_OVLY"
5+    							.if "" != ""
6+    						___SegStart_X_
7+    							.endif
8+    						  .endif
9+    							#RememberSegmentType
10+    >> end of macro: seg_single
2+     >> end of macro: .xdata_ovly
10    	 0000				__extractedConst_1_1
11    	 0000					.dw  (0x5a9df97b)
	 0000	 5A9DF97B	 
12    							.xdata_ovly
12     >> start of macro: .xdata_ovly
1+    									seg_single , "X_OVLY", X
1+     >> start of macro: seg_single
1+    						  .if ( "" != "" ) & defined( ___SegStart_X_ )
2+    						    segment
3+    						  .else
4+    						    segment "X_OVLY"
5+    							.if "" != ""
6+    						___SegStart_X_
7+    							.endif
8+    						  .endif
9+    							#RememberSegmentType
10+    >> end of macro: seg_single
2+     >> end of macro: .xdata_ovly
13    	 0000				__extractedConst_2_2
14    	 0000					.dw  (0x65ac8a37)
	 0000	 65AC8A37	 
15    							.ydata_ovly
15     >> start of macro: .ydata_ovly
1+    									seg_single , "Y_OVLY", Y
1+     >> start of macro: seg_single
1+    						  .if ( "" != "" ) & defined( ___SegStart_Y_ )
2+    						    segment
3+    						  .else
4+    						    segment "Y_OVLY"
5+    							.if "" != ""
6+    						___SegStart_Y_
7+    							.endif
8+    						  .endif
9+    							#RememberSegmentType
10+    >> end of macro: seg_single
2+     >> end of macro: .ydata_ovly
16    	 0000				_bufferL
17    	 0000					.bss (0x10)
18    							.ydata_ovly
18     >> start of macro: .ydata_ovly
1+    									seg_single , "Y_OVLY", Y
1+     >> start of macro: seg_single
1+    						  .if ( "" != "" ) & defined( ___SegStart_Y_ )
2+    						    segment
3+    						  .else
4+    						    segment "Y_OVLY"
5+    							.if "" != ""
6+    						___SegStart_Y_
7+    							.endif
8+    						  .endif
9+    							#RememberSegmentType
10+    >> end of macro: seg_single
2+     >> end of macro: .ydata_ovly
19    	 0000				_bufferR
20    	 0000					.bss (0x10)
21    							.code_ovly
21     >> start of macro: .code_ovly
1+    									seg_single , "CODE_OVLY", CODE
1+     >> start of macro: seg_single
1+    						  .if ( "" != "" ) & defined( ___SegStart_CODE_ )
2+    						    segment
3+    						  .else
4+    						    segment "CODE_OVLY"
5+    							.if "" != ""
6+    						___SegStart_CODE_
7+    							.endif
8+    						  .endif
9+    							#RememberSegmentType
10+    >> end of macro: seg_single
2+     >> end of macro: .code_ovly
22    						
23    						
24    						
25    	 0000				_processing:			/* LN: 8 | CYCLE: 0 | RULES: () */ 
26    	 0000	 BB540007		xmem[i7] = i7			# LN: 8 | 
27    	 0001	 020F7FFF		i7 += 1			# LN: 8 | 
28    	 0002	 87750005		i7 = i7 + (0x5)			# LN: 8 | 
29    	 0003	 91750001		i1 = i7 - (0x1)			# LN: 8 | 
30    	 0004	 B0540001		xmem[i1] = i0			# LN: 8 | 
31    	 0005				cline_8_0:			/* LN: 14 | CYCLE: 0 | RULES: () */ 
32    	 0005	 90750002		i0 = i7 - (0x2)			# LN: 14 | 
33    	 0006	 884A0000		uhalfword(a0) = (_bufferL + 0)			# LN: 14 | 
34    	 0007	 88540000		xmem[i0] = a0			# LN: 14 | 
35    	 0008				cline_14_0:			/* LN: 15 | CYCLE: 0 | RULES: () */ 
36    	 0008	 90750003		i0 = i7 - (0x3)			# LN: 15 | 
37    	 0009	 884A0000		uhalfword(a0) = (_bufferR + 0)			# LN: 15 | 
38    	 000A	 88540000		xmem[i0] = a0			# LN: 15 | 
39    	 000B				cline_15_0:			/* LN: 18 | CYCLE: 0 | RULES: () */ 
40    	 000B	 90750004		i0 = i7 - (0x4)			# LN: 18 | 
41    	 000C	 884A0000		uhalfword(a0) = (_sampleBuffer + 0)			# LN: 18 | 
42    	 000D	 88540000		xmem[i0] = a0			# LN: 18 | 
43    	 000E				cline_18_0:			/* LN: 19 | CYCLE: 0 | RULES: () */ 
44    	 000E	 90750005		i0 = i7 - (0x5)			# LN: 19 | 
45    	 000F	 00004DC0		a0 = 0			# LN: 19 | 
46    	 0010	 98540000		xmem[i0] = a0h			# LN: 19 | 
47    	 0011	 81000045		do (0x10), label_end_92			# LN: 19 | 
48    	 0012				cline_19_0:			/* LN: 22 | CYCLE: 0 | RULES: () */ 
49    	 0012				label_begin_92:			/* LN: 19 | CYCLE: 0 | RULES: () */ 
50    	 0012	 90750004		i0 = i7 - (0x4)			# LN: 22 | 
51    	 0013	 B0140000		i0 = xmem[i0]			# LN: 22 | 
52    	 0014	 80040000		x0 = xmem[__extractedConst_0_4 + 0]			# LN: 22 | 
53    	 0015	 81940000		x1 = ymem[i0]			# LN: 22 | 
54    	 0016	 90750004		i0 = i7 - (0x4)			# LN: 22 | 
55    	 0017	 B0140000		i0 = xmem[i0]			# LN: 22 | 
56    	 0018	 00002020		a0 = x1 * x0			# LN: 22 | 
57    	 0019	 88D40000		ymem[i0] = a0			# LN: 22 | 
58    	 001A				cline_22_0:			/* LN: 23 | CYCLE: 0 | RULES: () */ 
59    	 001A	 90750002		i0 = i7 - (0x2)			# LN: 23 | 
60    	 001B	 91750004		i1 = i7 - (0x4)			# LN: 23 | 
61    	 001C	 B1140001		i1 = xmem[i1]			# LN: 23 | 
62    	 001D	 B0140000		i0 = xmem[i0]			# LN: 23 | 
63    	 001E	 88940001		a0 = ymem[i1]			# LN: 23 | 
64    	 001F	 91750002		i1 = i7 - (0x2)			# LN: 23 | 
65    	 0020	 B1140001		i1 = xmem[i1]			# LN: 23 | 
66    	 0021	 98D40000		ymem[i0] = a0h			# LN: 23 | 
67    	 0022	 02097FFF		i1 += 1			# LN: 23 | 
68    	 0023	 90750002		i0 = i7 - (0x2)			# LN: 23 | 
69    	 0024	 B1540000		xmem[i0] = i1			# LN: 23 | 
70    	 0025				cline_23_0:			/* LN: 25 | CYCLE: 0 | RULES: () */ 
71    	 0025	 90750004		i0 = i7 - (0x4)			# LN: 25 | 
72    	 0026	 B0140000		i0 = xmem[i0]			# LN: 25 | 
73    	 0027	 91750004		i1 = i7 - (0x4)			# LN: 25 | 
74    	 0028	 B1140001		i1 = xmem[i1]			# LN: 25 | 
75    	 0029	 80050010		i0 = i0 + (0x10)			# LN: 25 | 
76    	 002A	 81150010		i1 = i1 + (0x10)			# LN: 25 | 
77    	 002B	 80940001		x0 = ymem[i1]			# LN: 25 | 
78    	 002C	 81040000		x1 = xmem[__extractedConst_0_4 + 0]			# LN: 25 | 
79    	 002D	 00002080		a0 = x0 * x1			# LN: 25 | 
80    	 002E	 88D40000		ymem[i0] = a0			# LN: 25 | 
81    	 002F				cline_25_0:			/* LN: 26 | CYCLE: 0 | RULES: () */ 
82    	 002F	 90750003		i0 = i7 - (0x3)			# LN: 26 | 
83    	 0030	 91750004		i1 = i7 - (0x4)			# LN: 26 | 
84    	 0031	 B1140001		i1 = xmem[i1]			# LN: 26 | 
85    	 0032	 B0140000		i0 = xmem[i0]			# LN: 26 | 
86    	 0033	 81150010		i1 = i1 + (0x10)			# LN: 26 | 
87    	 0034	 88940001		a0 = ymem[i1]			# LN: 26 | 
88    	 0035	 91750003		i1 = i7 - (0x3)			# LN: 26 | 
89    	 0036	 B1140001		i1 = xmem[i1]			# LN: 26 | 
90    	 0037	 98D40000		ymem[i0] = a0h			# LN: 26 | 
91    	 0038	 02097FFF		i1 += 1			# LN: 26 | 
92    	 0039	 90750003		i0 = i7 - (0x3)			# LN: 26 | 
93    	 003A	 B1540000		xmem[i0] = i1			# LN: 26 | 
94    	 003B				cline_26_0:			/* LN: 27 | CYCLE: 0 | RULES: () */ 
95    	 003B	 90750004		i0 = i7 - (0x4)			# LN: 27 | 
96    	 003C	 B0140000		i0 = xmem[i0]			# LN: 27 | 
97    	 003D	 91750004		i1 = i7 - (0x4)			# LN: 27 | 
98    	 003E	 02087FFF		i0 += 1			# LN: 27 | 
99    	 003F	 B0540001		xmem[i1] = i0			# LN: 27 | 
100   	 0040				cline_27_0:			/* LN: 19 | CYCLE: 0 | RULES: () */ 
101   	 0040				init_latch_label_0:			/* LN: 29 | CYCLE: 0 | RULES: () */ 
102   	 0040	 90750005		i0 = i7 - (0x5)			# LN: 19 | 
103   	 0041	 88140000		a0 = xmem[i0]			# LN: 19 | 
104   	 0042	 894A0001		uhalfword(a1) = (0x1)			# LN: 19 | 
105   	 0043	 00004408		a0 = a0 + a1			# LN: 19 | 
106   	 0044	 90750005		i0 = i7 - (0x5)			# LN: 19 | 
107   	 0045				label_end_92:			# LN: 19 | CYCLE: 5 | RULES: ()
108   	 0045	 98540000		xmem[i0] = a0h			# LN: 19 | 
109   	 0046				cline_19_1:			/* LN: 31 | CYCLE: 0 | RULES: () */ 
110   	 0046				for_end_0:			/* LN: 19 | CYCLE: 0 | RULES: () */ 
111   	 0046	 90750002		i0 = i7 - (0x2)			# LN: 31 | 
112   	 0047	 884A0000		uhalfword(a0) = (_bufferL + 0)			# LN: 31 | 
113   	 0048	 88540000		xmem[i0] = a0			# LN: 31 | 
114   	 0049				cline_31_0:			/* LN: 32 | CYCLE: 0 | RULES: () */ 
115   	 0049	 90750003		i0 = i7 - (0x3)			# LN: 32 | 
116   	 004A	 884A0000		uhalfword(a0) = (_bufferR + 0)			# LN: 32 | 
117   	 004B	 88540000		xmem[i0] = a0			# LN: 32 | 
118   	 004C				cline_32_0:			/* LN: 34 | CYCLE: 0 | RULES: () */ 
119   	 004C	 90750004		i0 = i7 - (0x4)			# LN: 34 | 
120   	 004D	 884A0000		uhalfword(a0) = (_sampleBuffer + 0)			# LN: 34 | 
121   	 004E	 88540000		xmem[i0] = a0			# LN: 34 | 
122   	 004F				cline_34_0:			/* LN: 35 | CYCLE: 0 | RULES: () */ 
123   	 004F	 90750005		i0 = i7 - (0x5)			# LN: 35 | 
124   	 0050	 00004DC0		a0 = 0			# LN: 35 | 
125   	 0051	 98540000		xmem[i0] = a0h			# LN: 35 | 
126   	 0052	 8100006C		do (0x10), label_end_93			# LN: 35 | 
127   	 0053				cline_35_0:			/* LN: 37 | CYCLE: 0 | RULES: () */ 
128   	 0053				label_begin_93:			/* LN: 35 | CYCLE: 0 | RULES: () */ 
129   	 0053	 90750004		i0 = i7 - (0x4)			# LN: 37 | 
130   	 0054	 B0140000		i0 = xmem[i0]			# LN: 37 | 
131   	 0055	 91750004		i1 = i7 - (0x4)			# LN: 37 | 
132   	 0056	 80050020		i0 = i0 + (0x20)			# LN: 37 | 
133   	 0057	 B1140001		i1 = xmem[i1]			# LN: 37 | 
134   	 0058	 94750004		i4 = i7 - (0x4)			# LN: 37 | 
135   	 0059	 B8140004		i4 = xmem[i4]			# LN: 37 | 
136   	 005A	 88940001		a0 = ymem[i1]			# LN: 37 | 
137   	 005B	 81450010		i1 = i4 + (0x10)			# LN: 37 | 
138   	 005C	 89940001		a1 = ymem[i1]			# LN: 37 | 
139   	 005D	 00004408		a0 = a0 + a1			# LN: 37 | 
140   	 005E	 00587FFF		x0 = a0h			# LN: 37 | 
141   	 005F	 81040000		x1 = xmem[__extractedConst_1_1 + 0]			# LN: 37 | 
142   	 0060	 00002080		a0 = x0 * x1			# LN: 37 | 
143   	 0061	 88D40000		ymem[i0] = a0			# LN: 37 | 
144   	 0062				cline_37_0:			/* LN: 38 | CYCLE: 0 | RULES: () */ 
145   	 0062	 90750004		i0 = i7 - (0x4)			# LN: 38 | 
146   	 0063	 B0140000		i0 = xmem[i0]			# LN: 38 | 
147   	 0064	 91750004		i1 = i7 - (0x4)			# LN: 38 | 
148   	 0065	 02087FFF		i0 += 1			# LN: 38 | 
149   	 0066	 B0540001		xmem[i1] = i0			# LN: 38 | 
150   	 0067				cline_38_0:			/* LN: 35 | CYCLE: 0 | RULES: () */ 
151   	 0067				init_latch_label_1:			/* LN: 39 | CYCLE: 0 | RULES: () */ 
152   	 0067	 90750005		i0 = i7 - (0x5)			# LN: 35 | 
153   	 0068	 88140000		a0 = xmem[i0]			# LN: 35 | 
154   	 0069	 894A0001		uhalfword(a1) = (0x1)			# LN: 35 | 
155   	 006A	 00004408		a0 = a0 + a1			# LN: 35 | 
156   	 006B	 90750005		i0 = i7 - (0x5)			# LN: 35 | 
157   	 006C				label_end_93:			# LN: 35 | CYCLE: 5 | RULES: ()
158   	 006C	 98540000		xmem[i0] = a0h			# LN: 35 | 
159   	 006D				cline_35_1:			/* LN: 42 | CYCLE: 0 | RULES: () */ 
160   	 006D				for_end_1:			/* LN: 35 | CYCLE: 0 | RULES: () */ 
161   	 006D	 90750001		i0 = i7 - (0x1)			# LN: 42 | 
162   	 006E	 B0140000		i0 = xmem[i0]			# LN: 42 | 
163   	 006F	 91750002		i1 = i7 - (0x2)			# LN: 42 | 
164   	 0070	 B1140001		i1 = xmem[i1]			# LN: 42 | 
165   	 0071	 94750002		i4 = i7 - (0x2)			# LN: 42 | 
166   	 0072	 B8140004		i4 = xmem[i4]			# LN: 42 | 
167   	 0073	 80880000		call (_gst_audio_invert_transform)			# LN: 42 | 
168   	 0074				cline_42_0:			/* LN: 43 | CYCLE: 0 | RULES: () */ 
169   	 0074	 90750001		i0 = i7 - (0x1)			# LN: 43 | 
170   	 0075	 B0140000		i0 = xmem[i0]			# LN: 43 | 
171   	 0076	 91750003		i1 = i7 - (0x3)			# LN: 43 | 
172   	 0077	 B1140001		i1 = xmem[i1]			# LN: 43 | 
173   	 0078	 94750003		i4 = i7 - (0x3)			# LN: 43 | 
174   	 0079	 B8140004		i4 = xmem[i4]			# LN: 43 | 
175   	 007A	 80880000		call (_gst_audio_invert_transform)			# LN: 43 | 
176   	 007B				cline_43_0:			/* LN: 44 | CYCLE: 0 | RULES: () */ 
177   	 007B	 90750004		i0 = i7 - (0x4)			# LN: 44 | 
178   	 007C	 884A0000		uhalfword(a0) = (_sampleBuffer + 0)			# LN: 44 | 
179   	 007D	 88540000		xmem[i0] = a0			# LN: 44 | 
180   	 007E				cline_44_0:			/* LN: 45 | CYCLE: 0 | RULES: () */ 
181   	 007E	 90750005		i0 = i7 - (0x5)			# LN: 45 | 
182   	 007F	 00004DC0		a0 = 0			# LN: 45 | 
183   	 0080	 98540000		xmem[i0] = a0h			# LN: 45 | 
184   	 0081	 810000C2		do (0x10), label_end_94			# LN: 45 | 
185   	 0082				cline_45_0:			/* LN: 47 | CYCLE: 0 | RULES: () */ 
186   	 0082				label_begin_94:			/* LN: 45 | CYCLE: 0 | RULES: () */ 
187   	 0082	 90750004		i0 = i7 - (0x4)			# LN: 47 | 
188   	 0083	 B0140000		i0 = xmem[i0]			# LN: 47 | 
189   	 0084	 80040000		x0 = xmem[__extractedConst_0_4 + 0]			# LN: 47 | 
190   	 0085	 80050020		i0 = i0 + (0x20)			# LN: 47 | 
191   	 0086	 81940000		x1 = ymem[i0]			# LN: 47 | 
192   	 0087	 90750004		i0 = i7 - (0x4)			# LN: 47 | 
193   	 0088	 B0140000		i0 = xmem[i0]			# LN: 47 | 
194   	 0089	 00002020		a0 = x1 * x0			# LN: 47 | 
195   	 008A	 88D40000		ymem[i0] = a0			# LN: 47 | 
196   	 008B				cline_47_0:			/* LN: 48 | CYCLE: 0 | RULES: () */ 
197   	 008B	 90750004		i0 = i7 - (0x4)			# LN: 48 | 
198   	 008C	 B0140000		i0 = xmem[i0]			# LN: 48 | 
199   	 008D	 91750004		i1 = i7 - (0x4)			# LN: 48 | 
200   	 008E	 B1140001		i1 = xmem[i1]			# LN: 48 | 
201   	 008F	 80050010		i0 = i0 + (0x10)			# LN: 48 | 
202   	 0090	 81150020		i1 = i1 + (0x20)			# LN: 48 | 
203   	 0091	 80940001		x0 = ymem[i1]			# LN: 48 | 
204   	 0092	 81040000		x1 = xmem[__extractedConst_0_4 + 0]			# LN: 48 | 
205   	 0093	 00002080		a0 = x0 * x1			# LN: 48 | 
206   	 0094	 88D40000		ymem[i0] = a0			# LN: 48 | 
207   	 0095				cline_48_0:			/* LN: 50 | CYCLE: 0 | RULES: () */ 
208   	 0095	 90750004		i0 = i7 - (0x4)			# LN: 50 | 
209   	 0096	 B0140000		i0 = xmem[i0]			# LN: 50 | 
210   	 0097	 91750002		i1 = i7 - (0x2)			# LN: 50 | 
211   	 0098	 80050030		i0 = i0 + (0x30)			# LN: 50 | 
212   	 0099	 B1140001		i1 = xmem[i1]			# LN: 50 | 
213   	 009A	 94750004		i4 = i7 - (0x4)			# LN: 50 | 
214   	 009B	 B8140004		i4 = xmem[i4]			# LN: 50 | 
215   	 009C	 80040000		x0 = xmem[__extractedConst_2_2 + 0]			# LN: 50 | 
216   	 009D	 88940004		a0 = ymem[i4]			# LN: 50 | 
217   	 009E	 81940001		x1 = ymem[i1]			# LN: 50 | 
218   	 009F	 00002028		a0 += x1 * x0			# LN: 50 | 
219   	 00A0	 88D40000		ymem[i0] = a0			# LN: 50 | 
220   	 00A1				cline_50_0:			/* LN: 51 | CYCLE: 0 | RULES: () */ 
221   	 00A1	 90750004		i0 = i7 - (0x4)			# LN: 51 | 
222   	 00A2	 B0140000		i0 = xmem[i0]			# LN: 51 | 
223   	 00A3	 91750003		i1 = i7 - (0x3)			# LN: 51 | 
224   	 00A4	 80050040		i0 = i0 + (0x40)			# LN: 51 | 
225   	 00A5	 B1140001		i1 = xmem[i1]			# LN: 51 | 
226   	 00A6	 94750004		i4 = i7 - (0x4)			# LN: 51 | 
227   	 00A7	 B8140004		i4 = xmem[i4]			# LN: 51 | 
228   	 00A8	 80040000		x0 = xmem[__extractedConst_2_2 + 0]			# LN: 51 | 
229   	 00A9	 84450010		i4 = i4 + (0x10)			# LN: 51 | 
230   	 00AA	 88940004		a0 = ymem[i4]			# LN: 51 | 
231   	 00AB	 81940001		x1 = ymem[i1]			# LN: 51 | 
232   	 00AC	 00002028		a0 += x1 * x0			# LN: 51 | 
233   	 00AD	 88D40000		ymem[i0] = a0			# LN: 51 | 
234   	 00AE				cline_51_0:			/* LN: 53 | CYCLE: 0 | RULES: () */ 
235   	 00AE	 90750002		i0 = i7 - (0x2)			# LN: 53 | 
236   	 00AF	 B0140000		i0 = xmem[i0]			# LN: 53 | 
237   	 00B0	 91750002		i1 = i7 - (0x2)			# LN: 53 | 
238   	 00B1	 02087FFF		i0 += 1			# LN: 53 | 
239   	 00B2	 B0540001		xmem[i1] = i0			# LN: 53 | 
240   	 00B3				cline_53_0:			/* LN: 54 | CYCLE: 0 | RULES: () */ 
241   	 00B3	 90750003		i0 = i7 - (0x3)			# LN: 54 | 
242   	 00B4	 B0140000		i0 = xmem[i0]			# LN: 54 | 
243   	 00B5	 91750003		i1 = i7 - (0x3)			# LN: 54 | 
244   	 00B6	 02087FFF		i0 += 1			# LN: 54 | 
245   	 00B7	 B0540001		xmem[i1] = i0			# LN: 54 | 
246   	 00B8				cline_54_0:			/* LN: 55 | CYCLE: 0 | RULES: () */ 
247   	 00B8	 90750004		i0 = i7 - (0x4)			# LN: 55 | 
248   	 00B9	 B0140000		i0 = xmem[i0]			# LN: 55 | 
249   	 00BA	 91750004		i1 = i7 - (0x4)			# LN: 55 | 
250   	 00BB	 02087FFF		i0 += 1			# LN: 55 | 
251   	 00BC	 B0540001		xmem[i1] = i0			# LN: 55 | 
252   	 00BD				cline_55_0:			/* LN: 45 | CYCLE: 0 | RULES: () */ 
253   	 00BD				init_latch_label_2:			/* LN: 56 | CYCLE: 0 | RULES: () */ 
254   	 00BD	 90750005		i0 = i7 - (0x5)			# LN: 45 | 
255   	 00BE	 88140000		a0 = xmem[i0]			# LN: 45 | 
256   	 00BF	 894A0001		uhalfword(a1) = (0x1)			# LN: 45 | 
257   	 00C0	 00004408		a0 = a0 + a1			# LN: 45 | 
258   	 00C1	 90750005		i0 = i7 - (0x5)			# LN: 45 | 
259   	 00C2				label_end_94:			# LN: 45 | CYCLE: 5 | RULES: ()
260   	 00C2	 98540000		xmem[i0] = a0h			# LN: 45 | 
261   	 00C3				cline_45_1:			/* LN: 58 | CYCLE: 0 | RULES: () */ 
262   	 00C3				for_end_2:			/* LN: 45 | CYCLE: 0 | RULES: () */ 
263   	 00C3	 90750002		i0 = i7 - (0x2)			# LN: 58 | 
264   	 00C4	 884A0000		uhalfword(a0) = (_bufferL + 0)			# LN: 58 | 
265   	 00C5	 88540000		xmem[i0] = a0			# LN: 58 | 
266   	 00C6				cline_58_0:			/* LN: 59 | CYCLE: 0 | RULES: () */ 
267   	 00C6	 90750003		i0 = i7 - (0x3)			# LN: 59 | 
268   	 00C7	 884A0000		uhalfword(a0) = (_bufferR + 0)			# LN: 59 | 
269   	 00C8	 88540000		xmem[i0] = a0			# LN: 59 | 
270   	 00C9				cline_59_0:			/* LN: 61 | CYCLE: 0 | RULES: () */ 
271   	 00C9	 800800CA		jmp (__epilogue_108)			# LN: 61 | 
272   	 00CA				__epilogue_108:			/* LN: 61 | CYCLE: 0 | RULES: () */ 
273   	 00CA	 97750005		i7 = i7 - (0x5)			# LN: 61 | 
274   	 00CB	 02177FFF		i7 -= 1			# LN: 61 | 
275   	 00CC	 81880000		ret			# LN: 61 | 
276   						(null)
				 SYMBOL TABLE 

    Name                                                                                    Type                  Value 

_COMMON_INC_PATH_                                                               					 Define                 "C:/CirrusDSP/crystal32/common/inc/"
_DSP_                                                                           					 Define                 "a"
_LOCAL_INC_PATH_                                                                					 Define                 "inc/"
_LOCAL_SRC_PATH_                                                                					 Define                 "src/"
_MUI_VERSION_                                                                   					 Define                 "020000"
_OVLY_                                                                          					 Define                 "standalone"
_OVLY_REVISION_                                                                 					 Define                 "020000"
_ROUTER_INC_PATH_                                                               					 Define                 "rom_inc/"
_SLOT_                                                                          					 Define                 "0"
_TARGET_FAMILY_                                                                 					 Define                 "crystal32"
_TOOLS_VERSION_                                                                 					 Define                 "0x0701"
_VERSION_                                                                       					 Define                 "00"
__CASM_VER__                                                                    			  Unused Variable		        0 (701H)
__epilogue_108                                                                  			         Relocatable         processing_GEN_0005:00CAH
__extractedConst_0_4                                                            			         Relocatable         processing_GEN_0000:0000H
__extractedConst_1_1                                                            			         Relocatable         processing_GEN_0001:0000H
__extractedConst_2_2                                                            			         Relocatable         processing_GEN_0002:0000H
_bufferL                                                                        			  Public Relocatable       processing_GEN_0003:0000H
_bufferR                                                                        			  Public Relocatable       processing_GEN_0004:0000H
_gst_audio_invert_transform                                                     					 External   
_processing                                                                     			  Public Relocatable       processing_GEN_0005:0000H
_sampleBuffer                                                                   					 External   
cline_14_0                                                                      			  Unused Relocatable        processing_GEN_0005:0008H
cline_15_0                                                                      			  Unused Relocatable        processing_GEN_0005:000BH
cline_18_0                                                                      			  Unused Relocatable        processing_GEN_0005:000EH
cline_19_0                                                                      			  Unused Relocatable        processing_GEN_0005:0012H
cline_19_1                                                                      			  Unused Relocatable        processing_GEN_0005:0046H
cline_22_0                                                                      			  Unused Relocatable        processing_GEN_0005:001AH
cline_23_0                                                                      			  Unused Relocatable        processing_GEN_0005:0025H
cline_25_0                                                                      			  Unused Relocatable        processing_GEN_0005:002FH
cline_26_0                                                                      			  Unused Relocatable        processing_GEN_0005:003BH
cline_27_0                                                                      			  Unused Relocatable        processing_GEN_0005:0040H
cline_31_0                                                                      			  Unused Relocatable        processing_GEN_0005:0049H
cline_32_0                                                                      			  Unused Relocatable        processing_GEN_0005:004CH
cline_34_0                                                                      			  Unused Relocatable        processing_GEN_0005:004FH
cline_35_0                                                                      			  Unused Relocatable        processing_GEN_0005:0053H
cline_35_1                                                                      			  Unused Relocatable        processing_GEN_0005:006DH
cline_37_0                                                                      			  Unused Relocatable        processing_GEN_0005:0062H
cline_38_0                                                                      			  Unused Relocatable        processing_GEN_0005:0067H
cline_42_0                                                                      			  Unused Relocatable        processing_GEN_0005:0074H
cline_43_0                                                                      			  Unused Relocatable        processing_GEN_0005:007BH
cline_44_0                                                                      			  Unused Relocatable        processing_GEN_0005:007EH
cline_45_0                                                                      			  Unused Relocatable        processing_GEN_0005:0082H
cline_45_1                                                                      			  Unused Relocatable        processing_GEN_0005:00C3H
cline_47_0                                                                      			  Unused Relocatable        processing_GEN_0005:008BH
cline_48_0                                                                      			  Unused Relocatable        processing_GEN_0005:0095H
cline_50_0                                                                      			  Unused Relocatable        processing_GEN_0005:00A1H
cline_51_0                                                                      			  Unused Relocatable        processing_GEN_0005:00AEH
cline_53_0                                                                      			  Unused Relocatable        processing_GEN_0005:00B3H
cline_54_0                                                                      			  Unused Relocatable        processing_GEN_0005:00B8H
cline_55_0                                                                      			  Unused Relocatable        processing_GEN_0005:00BDH
cline_58_0                                                                      			  Unused Relocatable        processing_GEN_0005:00C6H
cline_59_0                                                                      			  Unused Relocatable        processing_GEN_0005:00C9H
cline_8_0                                                                       			  Unused Relocatable        processing_GEN_0005:0005H
for_end_0                                                                       			  Unused Relocatable        processing_GEN_0005:0046H
for_end_1                                                                       			  Unused Relocatable        processing_GEN_0005:006DH
for_end_2                                                                       			  Unused Relocatable        processing_GEN_0005:00C3H
init_latch_label_0                                                              			  Unused Relocatable        processing_GEN_0005:0040H
init_latch_label_1                                                              			  Unused Relocatable        processing_GEN_0005:0067H
init_latch_label_2                                                              			  Unused Relocatable        processing_GEN_0005:00BDH
label_begin_92                                                                  			  Unused Relocatable        processing_GEN_0005:0012H
label_begin_93                                                                  			  Unused Relocatable        processing_GEN_0005:0053H
label_begin_94                                                                  			  Unused Relocatable        processing_GEN_0005:0082H
label_end_92                                                                    			         Relocatable         processing_GEN_0005:0045H
label_end_93                                                                    			         Relocatable         processing_GEN_0005:006CH
label_end_94                                                                    			         Relocatable         processing_GEN_0005:00C2H

	       SEGMENTS:

Size			  Name										 Class
0000H	 __INIT                                  			 CODE                                    
0001H	 processing_GEN_0000                     			 X_OVLY                                  
0001H	 processing_GEN_0001                     			 X_OVLY                                  
0001H	 processing_GEN_0002                     			 X_OVLY                                  
0010H	 processing_GEN_0003                     			 Y_OVLY                                  
0010H	 processing_GEN_0004                     			 Y_OVLY                                  
00CDH	 processing_GEN_0005                     			 CODE_OVLY                               
